2026-04-22 10:50:49 [INFO] apm.main: APM Modular starting...
2026-04-22 10:50:49 [INFO] apm.main: Device: device_01, Journey: instagram_feed_clips.json
2026-04-22 10:50:49 [INFO] apm.device_manager: Connecting to device: c2407b8a
2026-04-22 10:50:52 [INFO] apm.device_manager: Connected successfully. Screen: {'width': 1080, 'height': 2400}
2026-04-22 10:50:52 [INFO] apm.executor: Journey: Instagram Feed to Clips Automation
2026-04-22 10:50:52 [INFO] apm.device_manager: Collecting NVT measurements (get_network_param)...
2026-04-22 10:50:53 [INFO] apm.network: Starting API test service with tag: 0-1776829853487
2026-04-22 10:50:53 [INFO] apm.network: Testing URL: 8.8.8.8
2026-04-22 10:50:53 [INFO] apm.network: Service: net.senosoft.android.url/.HttpRequestService
2026-04-22 10:52:04 [WARNING] apm.network: No logcat output found for tag 0-1776829853487
2026-04-22 10:52:09 [INFO] apm.device_manager: Collecting Journey measurements (get_network_param)...
2026-04-22 10:52:12 [INFO] apm.executor: Detail: Launch Instagram
2026-04-22 10:52:12 [INFO] apm.executor: Task: Open Instagram [app_open]
2026-04-22 10:52:12 [INFO] apm.SystemTaskHandler: Opening app: com.instagram.android
2026-04-22 10:52:13 [INFO] apm.device_manager: Collecting Journey measurements (get_network_param)...
2026-04-22 10:52:16 [INFO] apm.executor: Detail: Navigate Feed → Clips Tab
2026-04-22 10:52:16 [INFO] apm.executor: Task: Tap Feed Tab [within_ui]
2026-04-22 10:52:16 [INFO] apm.executor: Response time: 3.544s
2026-04-22 10:52:16 [INFO] apm.executor: Task: Tap Clips/Reels Tab [within_ui]
2026-04-22 10:52:17 [INFO] apm.executor: Response time: 0.543s
2026-04-22 10:52:17 [INFO] apm.device_manager: Collecting Journey measurements (get_network_param)...
2026-04-22 10:52:20 [INFO] apm.executor: Detail: Interact with Clips Screen
2026-04-22 10:52:20 [INFO] apm.executor: Task: Tap Center Screen (First) [tap_coords]
2026-04-22 10:52:20 [INFO] apm.TapCoordsActionHandler: 👆 Tapping coordinates: (540, 679)
2026-04-22 10:52:21 [INFO] apm.executor: Response time: 3.89s
2026-04-22 10:52:21 [INFO] apm.executor: Task: Tap Center Screen (Second) [tap_coords]
2026-04-22 10:52:21 [INFO] apm.TapCoordsActionHandler: 👆 Tapping coordinates: (540, 679)
2026-04-22 10:52:21 [INFO] apm.executor: Response time: 0.304s
2026-04-22 10:52:21 [INFO] apm.device_manager: Collecting Journey measurements (get_network_param)...
2026-04-22 10:52:24 [INFO] apm.executor: Detail: Navigate to Search
2026-04-22 10:52:24 [INFO] apm.executor: Task: Tap Search Icon [within_ui]
2026-04-22 10:52:25 [INFO] apm.executor: Response time: 4.176s
2026-04-22 10:52:25 [INFO] apm.executor: Task: Tap Search Field [tap_coords]
2026-04-22 10:52:25 [INFO] apm.TapCoordsActionHandler: 👆 Tapping coordinates: (355, 198)
2026-04-22 10:52:25 [INFO] apm.executor: Response time: 0.259s
2026-04-22 10:52:25 [INFO] apm.executor: Task: Type into focused field [ui]
2026-04-22 10:52:25 [INFO] apm.UITaskHandler: Finding element: 
2026-04-22 10:52:27 [INFO] apm.executor: Response time: 1.416s
2026-04-22 10:52:27 [INFO] apm.device_manager: Collecting Journey measurements (get_network_param)...
2026-04-22 10:52:30 [INFO] apm.executor: Detail: Return to Clips View
2026-04-22 10:52:30 [INFO] apm.executor: Task: Back Until Clips Tab Visible [back_until_ui]
2026-04-22 10:52:32 [INFO] apm.FlowTaskHandler: Target UI not found, pressing BACK
2026-04-22 10:52:35 [INFO] apm.FlowTaskHandler: Target UI not found, pressing BACK
2026-04-22 10:52:37 [INFO] apm.FlowTaskHandler: Target UI 'Clips Tab Indicator' found after 2 back presses
2026-04-22 10:52:37 [INFO] apm.executor: Response time: 10.005s
2026-04-22 10:52:37 [INFO] apm.executor: Task: Ensure Clips Tab Selected [do_if_ui]
2026-04-22 10:52:37 [INFO] apm.FlowTaskHandler: Element 'Icon clips' found, performing action
2026-04-22 10:52:37 [INFO] apm.executor: Response time: 0.659s
2026-04-22 10:52:37 [INFO] apm.executor: Task: Dismiss 'Not Now' Popups [do_while_ui]
2026-04-22 10:52:39 [INFO] apm.FlowTaskHandler: UI 'Not Now Button' disappeared, loop finished
2026-04-22 10:52:39 [INFO] apm.executor: Response time: 2.009s
2026-04-22 10:52:39 [INFO] apm.device_manager: Collecting Journey measurements (get_network_param)...
2026-04-22 10:52:43 [INFO] apm.executor: Detail: Scroll Feed (1-3)
2026-04-22 10:52:43 [INFO] apm.executor: Task: Scroll #1 [scroll_with_timing]
2026-04-22 10:52:43 [INFO] apm.ScrollActionHandler: Scroll #1: up (scale=0.6)
2026-04-22 10:52:44 [INFO] apm.executor: Task: Scroll #2 [scroll_with_timing]
2026-04-22 10:52:44 [INFO] apm.ScrollActionHandler: Scroll #2: up (scale=0.6)
2026-04-22 10:52:45 [INFO] apm.executor: Task: Scroll #3 [scroll_with_timing]
2026-04-22 10:52:45 [INFO] apm.ScrollActionHandler: Scroll #3: up (scale=0.6)
2026-04-22 10:52:46 [INFO] apm.device_manager: Collecting Journey measurements (get_network_param)...
2026-04-22 10:52:50 [INFO] apm.executor: Detail: Scroll Feed (4-5)
2026-04-22 10:52:50 [INFO] apm.executor: Task: Scroll #4 [scroll_with_timing]
2026-04-22 10:52:50 [INFO] apm.ScrollActionHandler: Scroll #4: up (scale=0.6)
2026-04-22 10:52:51 [INFO] apm.executor: Task: Scroll #5 [scroll_with_timing]
2026-04-22 10:52:51 [INFO] apm.ScrollActionHandler: Scroll #5: up (scale=0.6)
2026-04-22 10:52:52 [INFO] apm.device_manager: Collecting Journey measurements (get_network_param)...
2026-04-22 10:52:55 [INFO] apm.executor: Detail: Close App
2026-04-22 10:52:55 [INFO] apm.executor: Task: Stop Instagram [app_close]
2026-04-22 10:52:55 [INFO] apm.SystemTaskHandler: Closing app: com.instagram.android
2026-04-22 10:52:56 [INFO] apm.executor: Response time: 3.48s
2026-04-22 10:52:56 [INFO] apm.device_manager: Device disconnected
2026-04-22 10:52:56 [INFO] apm.main: Report saved: logs\report_instagram_feed_clips_20260422_105256.json
