2026-04-21 23:14:18 [INFO] apm.main: APM Modular starting...
2026-04-21 23:14:18 [INFO] apm.main: Device: device_01, Journey: instagram_feed_clips.json
2026-04-21 23:14:18 [INFO] apm.device_manager: Connecting to device: c2407b8a
2026-04-21 23:14:20 [INFO] apm.device_manager: Connected successfully. Screen: {'width': 1080, 'height': 2400}
2026-04-21 23:14:20 [INFO] apm.executor: Journey: Instagram Feed to Clips Automation
2026-04-21 23:14:21 [INFO] apm.device_manager: Collecting NVT measurements (get_network_param)...
2026-04-21 23:14:22 [INFO] apm.network: Starting API test service with tag: 0-1776788062026
2026-04-21 23:15:36 [INFO] apm.device_manager: Collecting Journey measurements (get_network_param)...
2026-04-21 23:15:39 [INFO] apm.executor: Detail: Launch Instagram
2026-04-21 23:15:39 [INFO] apm.executor: Task: Open Instagram [app_open]
2026-04-21 23:15:39 [INFO] apm.SystemTaskHandler: Opening app: com.instagram.android
2026-04-21 23:15:40 [INFO] apm.device_manager: Collecting Journey measurements (get_network_param)...
2026-04-21 23:15:43 [INFO] apm.executor: Detail: Navigate Feed → Clips Tab
2026-04-21 23:15:43 [INFO] apm.executor: Task: Tap Feed Tab [within_ui]
2026-04-21 23:15:44 [INFO] apm.executor: Response time: 3.692s
2026-04-21 23:15:44 [INFO] apm.executor: Task: Tap Clips/Reels Tab [within_ui]
2026-04-21 23:15:44 [INFO] apm.executor: Response time: 0.589s
2026-04-21 23:15:44 [INFO] apm.device_manager: Collecting Journey measurements (get_network_param)...
2026-04-21 23:15:47 [INFO] apm.executor: Detail: Interact with Clips Screen
2026-04-21 23:15:47 [INFO] apm.executor: Task: Tap Center Screen (First) [tap_coords]
2026-04-21 23:15:47 [INFO] apm.TapCoordsActionHandler: 👆 Tapping coordinates: (540, 679)
2026-04-21 23:15:47 [INFO] apm.executor: Response time: 3.278s
2026-04-21 23:15:47 [INFO] apm.executor: Task: Tap Center Screen (Second) [tap_coords]
2026-04-21 23:15:47 [INFO] apm.TapCoordsActionHandler: 👆 Tapping coordinates: (540, 679)
2026-04-21 23:15:48 [INFO] apm.executor: Response time: 0.164s
2026-04-21 23:15:48 [INFO] apm.device_manager: Collecting Journey measurements (get_network_param)...
2026-04-21 23:15:51 [INFO] apm.executor: Detail: Navigate to Search
2026-04-21 23:15:51 [INFO] apm.executor: Task: Tap Search Icon [within_ui]
2026-04-21 23:15:51 [INFO] apm.executor: Response time: 3.515s
2026-04-21 23:15:51 [INFO] apm.executor: Task: Tap Search Field [tap_coords]
2026-04-21 23:15:51 [INFO] apm.TapCoordsActionHandler: 👆 Tapping coordinates: (355, 198)
2026-04-21 23:15:51 [INFO] apm.executor: Response time: 0.248s
2026-04-21 23:15:51 [INFO] apm.executor: Task: Type into focused field [ui]
2026-04-21 23:15:51 [INFO] apm.UITaskHandler: Finding element: 
2026-04-21 23:15:52 [INFO] apm.executor: Response time: 0.969s
2026-04-21 23:15:52 [INFO] apm.device_manager: Collecting Journey measurements (get_network_param)...
2026-04-21 23:15:55 [INFO] apm.executor: Detail: Return to Clips View
2026-04-21 23:15:55 [INFO] apm.executor: Task: Back Until Clips Tab Visible [back_until_ui]
2026-04-21 23:15:58 [INFO] apm.FlowTaskHandler: Target UI not found, pressing BACK
2026-04-21 23:16:01 [INFO] apm.FlowTaskHandler: Target UI not found, pressing BACK
2026-04-21 23:16:02 [INFO] apm.FlowTaskHandler: Target UI 'Clips Tab Indicator' found after 2 back presses
2026-04-21 23:16:02 [INFO] apm.executor: Response time: 9.736s
2026-04-21 23:16:02 [INFO] apm.executor: Task: Ensure Clips Tab Selected [do_if_ui]
2026-04-21 23:16:02 [INFO] apm.FlowTaskHandler: Element 'Icon clips' found, performing action
2026-04-21 23:16:03 [INFO] apm.executor: Response time: 0.597s
2026-04-21 23:16:03 [INFO] apm.executor: Task: Dismiss 'Not Now' Popups [do_while_ui]
2026-04-21 23:16:05 [INFO] apm.FlowTaskHandler: UI 'Not Now Button' disappeared, loop finished
2026-04-21 23:16:05 [INFO] apm.executor: Response time: 2.112s
2026-04-21 23:16:05 [INFO] apm.device_manager: Collecting Journey measurements (get_network_param)...
2026-04-21 23:16:08 [INFO] apm.executor: Detail: Scroll Feed (1-3)
2026-04-21 23:16:08 [INFO] apm.executor: Task: Scroll #1 [scroll_with_timing]
2026-04-21 23:16:08 [INFO] apm.ScrollActionHandler: Scroll #1: up (scale=0.6)
2026-04-21 23:16:09 [INFO] apm.executor: Task: Scroll #2 [scroll_with_timing]
2026-04-21 23:16:09 [INFO] apm.ScrollActionHandler: Scroll #2: up (scale=0.6)
2026-04-21 23:16:10 [INFO] apm.executor: Task: Scroll #3 [scroll_with_timing]
2026-04-21 23:16:10 [INFO] apm.ScrollActionHandler: Scroll #3: up (scale=0.6)
2026-04-21 23:16:11 [INFO] apm.device_manager: Collecting Journey measurements (get_network_param)...
2026-04-21 23:16:14 [INFO] apm.executor: Detail: Scroll Feed (4-5)
2026-04-21 23:16:14 [INFO] apm.executor: Task: Scroll #4 [scroll_with_timing]
2026-04-21 23:16:14 [INFO] apm.ScrollActionHandler: Scroll #4: up (scale=0.6)
2026-04-21 23:16:16 [INFO] apm.executor: Task: Scroll #5 [scroll_with_timing]
2026-04-21 23:16:16 [INFO] apm.ScrollActionHandler: Scroll #5: up (scale=0.6)
2026-04-21 23:16:17 [INFO] apm.device_manager: Collecting Journey measurements (get_network_param)...
2026-04-21 23:16:20 [INFO] apm.executor: Detail: Close App
2026-04-21 23:16:20 [INFO] apm.executor: Task: Stop Instagram [app_close]
2026-04-21 23:16:20 [INFO] apm.SystemTaskHandler: Closing app: com.instagram.android
2026-04-21 23:16:20 [INFO] apm.executor: Response time: 3.175s
2026-04-21 23:16:20 [INFO] apm.device_manager: Device disconnected
2026-04-21 23:16:20 [INFO] apm.main: Report saved: logs\report_instagram_feed_clips_20260421_231620.json
