2026-04-22 14:36:04 [INFO] apm.main: APM Modular starting...
2026-04-22 14:36:04 [INFO] apm.main: Device: device_01, Journey: instagram_feed_clips.json
2026-04-22 14:36:04 [INFO] apm.device_manager: Connecting to device: c2407b8a
2026-04-22 14:36:05 [INFO] apm.device_manager: Connected successfully. Screen: {'width': 1080, 'height': 2400}
2026-04-22 14:36:05 [INFO] apm.executor: Journey: Instagram Feed to Clips Automation
2026-04-22 14:36:05 [INFO] apm.device_manager: Collecting NVT measurements (get_network_param)...
2026-04-22 14:36:11 [INFO] apm.device_manager: Collecting Journey measurements (get_network_param)...
2026-04-22 14:36:14 [INFO] apm.executor: Detail: Launch Instagram
2026-04-22 14:36:14 [INFO] apm.executor: Task: Open Instagram [app_open]
2026-04-22 14:36:14 [INFO] apm.SystemTaskHandler: Opening app: com.instagram.android
2026-04-22 14:36:14 [INFO] apm.device_manager: Collecting Journey measurements (get_network_param)...
2026-04-22 14:36:17 [INFO] apm.executor: Detail: Navigate Feed → Clips Tab
2026-04-22 14:36:17 [INFO] apm.executor: Task: Tap Feed Tab [within_ui]
2026-04-22 14:36:18 [INFO] apm.executor: Response time: 3.868s
2026-04-22 14:36:18 [INFO] apm.executor: Task: Tap Clips/Reels Tab [within_ui]
2026-04-22 14:36:19 [INFO] apm.executor: Response time: 1.088s
2026-04-22 14:36:19 [INFO] apm.device_manager: Collecting Journey measurements (get_network_param)...
2026-04-22 14:36:22 [INFO] apm.executor: Detail: Interact with Clips Screen
2026-04-22 14:36:22 [INFO] apm.executor: Task: Tap Center Screen (First) [tap_coords]
2026-04-22 14:36:22 [INFO] apm.TapCoordsActionHandler: 👆 Tapping coordinates: (540, 679)
2026-04-22 14:36:22 [INFO] apm.executor: Response time: 3.433s
2026-04-22 14:36:22 [INFO] apm.executor: Task: Tap Center Screen (Second) [tap_coords]
2026-04-22 14:36:22 [INFO] apm.TapCoordsActionHandler: 👆 Tapping coordinates: (540, 679)
2026-04-22 14:36:23 [INFO] apm.executor: Response time: 0.264s
2026-04-22 14:36:23 [INFO] apm.device_manager: Collecting Journey measurements (get_network_param)...
2026-04-22 14:36:26 [INFO] apm.executor: Detail: Navigate to Search
2026-04-22 14:36:26 [INFO] apm.executor: Task: Tap Search Icon [within_ui]
2026-04-22 14:36:27 [INFO] apm.executor: Response time: 3.827s
2026-04-22 14:36:27 [INFO] apm.executor: Task: Tap Search Field [tap_coords]
2026-04-22 14:36:27 [INFO] apm.TapCoordsActionHandler: 👆 Tapping coordinates: (355, 198)
2026-04-22 14:36:27 [INFO] apm.executor: Response time: 0.241s
2026-04-22 14:36:27 [INFO] apm.executor: Task: Type into focused field [ui]
2026-04-22 14:36:27 [INFO] apm.UITaskHandler: Finding element: 
2026-04-22 14:36:28 [INFO] apm.executor: Response time: 0.846s
2026-04-22 14:36:28 [INFO] apm.device_manager: Collecting Journey measurements (get_network_param)...
2026-04-22 14:36:31 [INFO] apm.executor: Detail: Return to Clips View
2026-04-22 14:36:31 [INFO] apm.executor: Task: Back Until Clips Tab Visible [back_until_ui]
2026-04-22 14:36:33 [INFO] apm.FlowTaskHandler: Target UI not found, pressing BACK
2026-04-22 14:36:36 [INFO] apm.FlowTaskHandler: Target UI not found, pressing BACK
2026-04-22 14:36:38 [INFO] apm.FlowTaskHandler: Target UI 'Clips Tab Indicator' found after 2 back presses
2026-04-22 14:36:38 [INFO] apm.executor: Response time: 10.202s
2026-04-22 14:36:38 [INFO] apm.executor: Task: Ensure Clips Tab Selected [do_if_ui]
2026-04-22 14:36:38 [INFO] apm.FlowTaskHandler: Element 'Icon clips' found, performing action
2026-04-22 14:36:38 [INFO] apm.executor: Response time: 0.638s
2026-04-22 14:36:38 [INFO] apm.executor: Task: Dismiss 'Not Now' Popups [do_while_ui]
2026-04-22 14:36:41 [INFO] apm.FlowTaskHandler: UI 'Not Now Button' disappeared, loop finished
2026-04-22 14:36:41 [INFO] apm.executor: Response time: 2.244s
2026-04-22 14:36:41 [INFO] apm.device_manager: Collecting Journey measurements (get_network_param)...
2026-04-22 14:36:44 [INFO] apm.executor: Detail: Scroll Feed (1-3)
2026-04-22 14:36:44 [INFO] apm.executor: Task: Scroll #1 [scroll_with_timing]
2026-04-22 14:36:44 [INFO] apm.ScrollActionHandler: Scroll #1: up (scale=0.6)
2026-04-22 14:36:45 [INFO] apm.executor: Task: Scroll #2 [scroll_with_timing]
2026-04-22 14:36:45 [INFO] apm.ScrollActionHandler: Scroll #2: up (scale=0.6)
2026-04-22 14:36:46 [INFO] apm.executor: Task: Scroll #3 [scroll_with_timing]
2026-04-22 14:36:46 [INFO] apm.ScrollActionHandler: Scroll #3: up (scale=0.6)
2026-04-22 14:36:48 [INFO] apm.device_manager: Collecting Journey measurements (get_network_param)...
2026-04-22 14:36:52 [INFO] apm.executor: Detail: Scroll Feed (4-5)
2026-04-22 14:36:52 [INFO] apm.executor: Task: Scroll #4 [scroll_with_timing]
2026-04-22 14:36:52 [INFO] apm.ScrollActionHandler: Scroll #4: up (scale=0.6)
2026-04-22 14:36:53 [INFO] apm.executor: Task: Scroll #5 [scroll_with_timing]
2026-04-22 14:36:53 [INFO] apm.ScrollActionHandler: Scroll #5: up (scale=0.6)
2026-04-22 14:36:54 [INFO] apm.device_manager: Collecting Journey measurements (get_network_param)...
2026-04-22 14:36:57 [INFO] apm.executor: Detail: Close App
2026-04-22 14:36:57 [INFO] apm.executor: Task: Stop Instagram [app_close]
2026-04-22 14:36:57 [INFO] apm.SystemTaskHandler: Closing app: com.instagram.android
2026-04-22 14:36:58 [INFO] apm.executor: Response time: 3.198s
2026-04-22 14:36:58 [INFO] apm.device_manager: Device disconnected
2026-04-22 14:36:58 [INFO] apm.main: Report saved: logs\report_instagram_feed_clips_20260422_143658.json
