2026-04-27 14:42:54 [INFO] apm.main: APM Modular starting...
2026-04-27 14:42:54 [INFO] apm.main: Device: device_01, Journey: instagram_feed_clips.json
2026-04-27 14:42:54 [INFO] apm.device_manager: Connecting to device: c2407b8a
2026-04-27 14:42:57 [INFO] apm.device_manager: Connected successfully. Screen: {'width': 1080, 'height': 2400}
2026-04-27 14:42:57 [INFO] apm.executor: Journey: Instagram Feed to Clips Automation
2026-04-27 14:42:57 [INFO] apm.device_manager: Collecting NVT measurements (get_network_param)...
2026-04-27 14:43:02 [INFO] apm.device_manager: Collecting Journey measurements (get_network_param)...
2026-04-27 14:43:05 [INFO] apm.executor: Detail: Launch Instagram
2026-04-27 14:43:05 [INFO] apm.executor: Task: Open Instagram [app_open]
2026-04-27 14:43:05 [INFO] apm.SystemTaskHandler: Opening app: com.instagram.android
2026-04-27 14:43:05 [INFO] apm.device_manager: Collecting Journey measurements (get_network_param)...
2026-04-27 14:43:08 [INFO] apm.executor: Detail: Navigate Feed â†’ Clips Tab
2026-04-27 14:43:08 [INFO] apm.executor: Task: Tap Feed Tab [within_ui]
2026-04-27 14:43:09 [INFO] apm.executor: Response time: 3.278s
2026-04-27 14:43:09 [INFO] apm.executor: Task: Tap Clips/Reels Tab [within_ui]
2026-04-27 14:43:09 [INFO] apm.executor: Response time: 0.515s
2026-04-27 14:43:09 [INFO] apm.device_manager: Collecting Journey measurements (get_network_param)...
2026-04-27 14:43:12 [INFO] apm.executor: Detail: Interact with Clips Screen
2026-04-27 14:43:12 [INFO] apm.executor: Task: Tap Center Screen (First) [tap_coords]
2026-04-27 14:43:12 [INFO] apm.TapCoordsActionHandler: 👆 Tapping coordinates: (540, 679)
2026-04-27 14:43:12 [INFO] apm.executor: Response time: 3.143s
2026-04-27 14:43:12 [INFO] apm.executor: Task: Tap Center Screen (Second) [tap_coords]
2026-04-27 14:43:12 [INFO] apm.TapCoordsActionHandler: 👆 Tapping coordinates: (540, 679)
2026-04-27 14:43:12 [INFO] apm.executor: Response time: 0.152s
2026-04-27 14:43:12 [INFO] apm.device_manager: Collecting Journey measurements (get_network_param)...
2026-04-27 14:43:16 [INFO] apm.executor: Detail: Navigate to Search
2026-04-27 14:43:16 [INFO] apm.executor: Task: Tap Search Icon [within_ui]
2026-04-27 14:43:17 [INFO] apm.executor: Response time: 4.461s
2026-04-27 14:43:17 [INFO] apm.executor: Task: Tap Search Field [tap_coords]
2026-04-27 14:43:17 [INFO] apm.TapCoordsActionHandler: 👆 Tapping coordinates: (355, 198)
2026-04-27 14:43:17 [INFO] apm.executor: Response time: 0.134s
2026-04-27 14:43:17 [INFO] apm.executor: Task: Type into focused field [ui]
2026-04-27 14:43:17 [INFO] apm.UITaskHandler: Finding element: 
2026-04-27 14:43:18 [INFO] apm.executor: Response time: 1.152s
2026-04-27 14:43:18 [INFO] apm.device_manager: Collecting Journey measurements (get_network_param)...
2026-04-27 14:43:21 [INFO] apm.executor: Detail: Return to Clips View
2026-04-27 14:43:21 [INFO] apm.executor: Task: Back Until Clips Tab Visible [back_until_ui]
2026-04-27 14:43:23 [INFO] apm.FlowTaskHandler: Target UI not found, pressing BACK
2026-04-27 14:43:26 [INFO] apm.FlowTaskHandler: Target UI not found, pressing BACK
2026-04-27 14:43:30 [INFO] apm.FlowTaskHandler: Target UI not found, pressing BACK
2026-04-27 14:43:32 [INFO] apm.executor: Task: Ensure Clips Tab Selected [do_if_ui]
2026-04-27 14:43:33 [INFO] apm.FlowTaskHandler: Element 'Icon clips' found, performing action
2026-04-27 14:43:33 [INFO] apm.executor: Response time: 14.791s
2026-04-27 14:43:33 [INFO] apm.executor: Task: Dismiss 'Not Now' Popups [do_while_ui]
2026-04-27 14:43:35 [INFO] apm.FlowTaskHandler: UI 'Not Now Button' disappeared, loop finished
2026-04-27 14:43:35 [INFO] apm.executor: Response time: 2.005s
2026-04-27 14:43:35 [INFO] apm.device_manager: Collecting Journey measurements (get_network_param)...
2026-04-27 14:43:38 [INFO] apm.executor: Detail: Scroll Feed (1-3)
2026-04-27 14:43:38 [INFO] apm.executor: Task: Scroll #1 [scroll_with_timing]
2026-04-27 14:43:38 [INFO] apm.ScrollActionHandler: Scroll #1: up (scale=0.6)
2026-04-27 14:43:39 [INFO] apm.executor: Task: Scroll #2 [scroll_with_timing]
2026-04-27 14:43:39 [INFO] apm.ScrollActionHandler: Scroll #2: up (scale=0.6)
2026-04-27 14:43:40 [INFO] apm.executor: Task: Scroll #3 [scroll_with_timing]
2026-04-27 14:43:40 [INFO] apm.ScrollActionHandler: Scroll #3: up (scale=0.6)
2026-04-27 14:43:41 [INFO] apm.device_manager: Device disconnected
