2026-04-22 11:03:50 [INFO] apm.main: APM Modular starting...
2026-04-22 11:03:50 [INFO] apm.main: Device: device_01, Journey: instagram_feed_clips.json
2026-04-22 11:03:50 [INFO] apm.device_manager: Connecting to device: c2407b8a
2026-04-22 11:03:53 [INFO] apm.device_manager: Connected successfully. Screen: {'width': 1080, 'height': 2400}
2026-04-22 11:03:53 [INFO] apm.executor: Journey: Instagram Feed to Clips Automation
2026-04-22 11:03:53 [INFO] apm.device_manager: Collecting NVT measurements (get_network_param)...
2026-04-22 11:03:54 [INFO] apm.network: device_id: c2407b8a
2026-04-22 11:03:54 [INFO] apm.network: Starting API test service with tag: c2407b8a-1776830634270
2026-04-22 11:03:54 [INFO] apm.network: Testing URL: 8.8.8.8
2026-04-22 11:03:54 [INFO] apm.network: Service: net.senosoft.android.url/.HttpRequestService
2026-04-22 11:04:34 [ERROR] apm.network: API test failed: Log with tag c2407b8a-1776830634270 not found
2026-04-22 11:04:39 [INFO] apm.device_manager: Collecting Journey measurements (get_network_param)...
2026-04-22 11:04:42 [INFO] apm.executor: Detail: Launch Instagram
2026-04-22 11:04:42 [INFO] apm.executor: Task: Open Instagram [app_open]
2026-04-22 11:04:42 [INFO] apm.SystemTaskHandler: Opening app: com.instagram.android
2026-04-22 11:04:43 [INFO] apm.device_manager: Collecting Journey measurements (get_network_param)...
2026-04-22 11:04:46 [INFO] apm.executor: Detail: Navigate Feed → Clips Tab
2026-04-22 11:04:46 [INFO] apm.executor: Task: Tap Feed Tab [within_ui]
2026-04-22 11:04:46 [INFO] apm.executor: Response time: 3.762s
2026-04-22 11:04:46 [INFO] apm.executor: Task: Tap Clips/Reels Tab [within_ui]
2026-04-22 11:04:47 [INFO] apm.executor: Response time: 0.549s
2026-04-22 11:04:47 [INFO] apm.device_manager: Collecting Journey measurements (get_network_param)...
2026-04-22 11:04:50 [INFO] apm.executor: Detail: Interact with Clips Screen
2026-04-22 11:04:50 [INFO] apm.executor: Task: Tap Center Screen (First) [tap_coords]
2026-04-22 11:04:50 [INFO] apm.TapCoordsActionHandler: 👆 Tapping coordinates: (540, 679)
2026-04-22 11:04:51 [INFO] apm.executor: Response time: 3.742s
2026-04-22 11:04:51 [INFO] apm.executor: Task: Tap Center Screen (Second) [tap_coords]
2026-04-22 11:04:51 [INFO] apm.TapCoordsActionHandler: 👆 Tapping coordinates: (540, 679)
2026-04-22 11:04:51 [INFO] apm.executor: Response time: 0.246s
2026-04-22 11:04:51 [INFO] apm.device_manager: Collecting Journey measurements (get_network_param)...
2026-04-22 11:04:54 [INFO] apm.executor: Detail: Navigate to Search
2026-04-22 11:04:54 [INFO] apm.executor: Task: Tap Search Icon [within_ui]
2026-04-22 11:04:55 [INFO] apm.executor: Response time: 3.995s
2026-04-22 11:04:55 [INFO] apm.executor: Task: Tap Search Field [tap_coords]
2026-04-22 11:04:55 [INFO] apm.TapCoordsActionHandler: 👆 Tapping coordinates: (355, 198)
2026-04-22 11:04:55 [INFO] apm.executor: Response time: 0.277s
2026-04-22 11:04:55 [INFO] apm.executor: Task: Type into focused field [ui]
2026-04-22 11:04:55 [INFO] apm.UITaskHandler: Finding element: 
2026-04-22 11:04:56 [INFO] apm.executor: Response time: 1.181s
2026-04-22 11:04:56 [INFO] apm.device_manager: Collecting Journey measurements (get_network_param)...
2026-04-22 11:05:00 [INFO] apm.executor: Detail: Return to Clips View
2026-04-22 11:05:00 [INFO] apm.executor: Task: Back Until Clips Tab Visible [back_until_ui]
2026-04-22 11:05:02 [INFO] apm.FlowTaskHandler: Target UI not found, pressing BACK
2026-04-22 11:05:05 [INFO] apm.FlowTaskHandler: Target UI not found, pressing BACK
2026-04-22 11:05:06 [INFO] apm.FlowTaskHandler: Target UI 'Clips Tab Indicator' found after 2 back presses
2026-04-22 11:05:06 [INFO] apm.executor: Response time: 9.901s
2026-04-22 11:05:06 [INFO] apm.executor: Task: Ensure Clips Tab Selected [do_if_ui]
2026-04-22 11:05:07 [INFO] apm.FlowTaskHandler: Element 'Icon clips' found, performing action
2026-04-22 11:05:07 [INFO] apm.executor: Response time: 0.724s
2026-04-22 11:05:07 [INFO] apm.executor: Task: Dismiss 'Not Now' Popups [do_while_ui]
2026-04-22 11:05:09 [INFO] apm.FlowTaskHandler: UI 'Not Now Button' disappeared, loop finished
2026-04-22 11:05:09 [INFO] apm.executor: Response time: 2.09s
2026-04-22 11:05:09 [INFO] apm.device_manager: Collecting Journey measurements (get_network_param)...
2026-04-22 11:05:12 [INFO] apm.executor: Detail: Scroll Feed (1-3)
2026-04-22 11:05:12 [INFO] apm.executor: Task: Scroll #1 [scroll_with_timing]
2026-04-22 11:05:12 [INFO] apm.ScrollActionHandler: Scroll #1: up (scale=0.6)
2026-04-22 11:05:14 [INFO] apm.executor: Task: Scroll #2 [scroll_with_timing]
2026-04-22 11:05:14 [INFO] apm.ScrollActionHandler: Scroll #2: up (scale=0.6)
2026-04-22 11:05:15 [INFO] apm.executor: Task: Scroll #3 [scroll_with_timing]
2026-04-22 11:05:15 [INFO] apm.ScrollActionHandler: Scroll #3: up (scale=0.6)
2026-04-22 11:05:17 [INFO] apm.device_manager: Collecting Journey measurements (get_network_param)...
2026-04-22 11:05:20 [INFO] apm.executor: Detail: Scroll Feed (4-5)
2026-04-22 11:05:20 [INFO] apm.executor: Task: Scroll #4 [scroll_with_timing]
2026-04-22 11:05:20 [INFO] apm.ScrollActionHandler: Scroll #4: up (scale=0.6)
2026-04-22 11:05:21 [INFO] apm.executor: Task: Scroll #5 [scroll_with_timing]
2026-04-22 11:05:21 [INFO] apm.ScrollActionHandler: Scroll #5: up (scale=0.6)
2026-04-22 11:05:22 [INFO] apm.device_manager: Collecting Journey measurements (get_network_param)...
2026-04-22 11:05:26 [INFO] apm.executor: Detail: Close App
2026-04-22 11:05:26 [INFO] apm.executor: Task: Stop Instagram [app_close]
2026-04-22 11:05:26 [INFO] apm.SystemTaskHandler: Closing app: com.instagram.android
2026-04-22 11:05:26 [INFO] apm.executor: Response time: 3.396s
2026-04-22 11:05:26 [INFO] apm.device_manager: Device disconnected
2026-04-22 11:05:26 [INFO] apm.main: Report saved: logs\report_instagram_feed_clips_20260422_110526.json
