2026-04-22 10:23:22 [INFO] apm.main: APM Modular starting...
2026-04-22 10:23:22 [INFO] apm.main: Device: device_01, Journey: instagram_feed_clips.json
2026-04-22 10:23:22 [INFO] apm.device_manager: Connecting to device: c2407b8a
2026-04-22 10:23:24 [INFO] apm.device_manager: Connected successfully. Screen: {'width': 1080, 'height': 2400}
2026-04-22 10:23:24 [INFO] apm.executor: Journey: Instagram Feed to Clips Automation
2026-04-22 10:23:25 [INFO] apm.device_manager: Collecting NVT measurements (get_network_param)...
2026-04-22 10:23:25 [INFO] apm.network: Starting API test service with tag: 0-1776828205948
2026-04-22 10:23:25 [INFO] apm.network: Testing URL: None
2026-04-22 10:23:25 [INFO] apm.network: Service: net.senosoft.android.url/.HttpRequestService
2026-04-22 10:24:35 [WARNING] apm.network: No logcat output found for tag 0-1776828205948
2026-04-22 10:24:39 [INFO] apm.device_manager: Collecting Journey measurements (get_network_param)...
2026-04-22 10:24:43 [INFO] apm.executor: Detail: Launch Instagram
2026-04-22 10:24:43 [INFO] apm.executor: Task: Open Instagram [app_open]
2026-04-22 10:24:43 [INFO] apm.SystemTaskHandler: Opening app: com.instagram.android
2026-04-22 10:24:43 [INFO] apm.device_manager: Collecting Journey measurements (get_network_param)...
2026-04-22 10:24:46 [INFO] apm.executor: Detail: Navigate Feed → Clips Tab
2026-04-22 10:24:46 [INFO] apm.executor: Task: Tap Feed Tab [within_ui]
2026-04-22 10:24:46 [INFO] apm.executor: Response time: 3.475s
2026-04-22 10:24:46 [INFO] apm.executor: Task: Tap Clips/Reels Tab [within_ui]
2026-04-22 10:24:47 [INFO] apm.executor: Response time: 0.508s
2026-04-22 10:24:47 [INFO] apm.device_manager: Collecting Journey measurements (get_network_param)...
2026-04-22 10:24:50 [INFO] apm.executor: Detail: Interact with Clips Screen
2026-04-22 10:24:50 [INFO] apm.executor: Task: Tap Center Screen (First) [tap_coords]
2026-04-22 10:24:50 [INFO] apm.TapCoordsActionHandler: 👆 Tapping coordinates: (540, 679)
2026-04-22 10:24:50 [INFO] apm.executor: Response time: 3.363s
2026-04-22 10:24:50 [INFO] apm.executor: Task: Tap Center Screen (Second) [tap_coords]
2026-04-22 10:24:50 [INFO] apm.TapCoordsActionHandler: 👆 Tapping coordinates: (540, 679)
2026-04-22 10:24:50 [INFO] apm.executor: Response time: 0.242s
2026-04-22 10:24:50 [INFO] apm.device_manager: Collecting Journey measurements (get_network_param)...
2026-04-22 10:24:53 [INFO] apm.executor: Detail: Navigate to Search
2026-04-22 10:24:53 [INFO] apm.executor: Task: Tap Search Icon [within_ui]
2026-04-22 10:24:54 [INFO] apm.executor: Response time: 3.736s
2026-04-22 10:24:54 [INFO] apm.executor: Task: Tap Search Field [tap_coords]
2026-04-22 10:24:54 [INFO] apm.TapCoordsActionHandler: 👆 Tapping coordinates: (355, 198)
2026-04-22 10:24:54 [INFO] apm.executor: Response time: 0.215s
2026-04-22 10:24:54 [INFO] apm.executor: Task: Type into focused field [ui]
2026-04-22 10:24:54 [INFO] apm.UITaskHandler: Finding element: 
2026-04-22 10:24:55 [INFO] apm.executor: Response time: 0.932s
2026-04-22 10:24:55 [INFO] apm.device_manager: Collecting Journey measurements (get_network_param)...
2026-04-22 10:24:58 [INFO] apm.executor: Detail: Return to Clips View
2026-04-22 10:24:58 [INFO] apm.executor: Task: Back Until Clips Tab Visible [back_until_ui]
2026-04-22 10:25:00 [INFO] apm.FlowTaskHandler: Target UI not found, pressing BACK
2026-04-22 10:25:03 [INFO] apm.FlowTaskHandler: Target UI not found, pressing BACK
2026-04-22 10:25:05 [INFO] apm.FlowTaskHandler: Target UI 'Clips Tab Indicator' found after 2 back presses
2026-04-22 10:25:05 [INFO] apm.executor: Response time: 9.341s
2026-04-22 10:25:05 [INFO] apm.executor: Task: Ensure Clips Tab Selected [do_if_ui]
2026-04-22 10:25:05 [INFO] apm.FlowTaskHandler: Element 'Icon clips' found, performing action
2026-04-22 10:25:05 [INFO] apm.executor: Response time: 0.495s
2026-04-22 10:25:05 [INFO] apm.executor: Task: Dismiss 'Not Now' Popups [do_while_ui]
2026-04-22 10:25:07 [INFO] apm.FlowTaskHandler: UI 'Not Now Button' disappeared, loop finished
2026-04-22 10:25:07 [INFO] apm.executor: Response time: 2.034s
2026-04-22 10:25:07 [INFO] apm.device_manager: Collecting Journey measurements (get_network_param)...
2026-04-22 10:25:10 [INFO] apm.executor: Detail: Scroll Feed (1-3)
2026-04-22 10:25:10 [INFO] apm.executor: Task: Scroll #1 [scroll_with_timing]
2026-04-22 10:25:10 [INFO] apm.ScrollActionHandler: Scroll #1: up (scale=0.6)
2026-04-22 10:25:11 [INFO] apm.executor: Task: Scroll #2 [scroll_with_timing]
2026-04-22 10:25:11 [INFO] apm.ScrollActionHandler: Scroll #2: up (scale=0.6)
2026-04-22 10:25:13 [INFO] apm.executor: Task: Scroll #3 [scroll_with_timing]
2026-04-22 10:25:13 [INFO] apm.ScrollActionHandler: Scroll #3: up (scale=0.6)
2026-04-22 10:25:15 [INFO] apm.device_manager: Collecting Journey measurements (get_network_param)...
2026-04-22 10:25:18 [INFO] apm.executor: Detail: Scroll Feed (4-5)
2026-04-22 10:25:18 [INFO] apm.executor: Task: Scroll #4 [scroll_with_timing]
2026-04-22 10:25:18 [INFO] apm.ScrollActionHandler: Scroll #4: up (scale=0.6)
2026-04-22 10:25:19 [INFO] apm.executor: Task: Scroll #5 [scroll_with_timing]
2026-04-22 10:25:19 [INFO] apm.ScrollActionHandler: Scroll #5: up (scale=0.6)
2026-04-22 10:25:20 [INFO] apm.device_manager: Collecting Journey measurements (get_network_param)...
2026-04-22 10:25:23 [INFO] apm.executor: Detail: Close App
2026-04-22 10:25:23 [INFO] apm.executor: Task: Stop Instagram [app_close]
2026-04-22 10:25:23 [INFO] apm.SystemTaskHandler: Closing app: com.instagram.android
2026-04-22 10:25:24 [INFO] apm.executor: Response time: 3.307s
2026-04-22 10:25:24 [INFO] apm.device_manager: Device disconnected
2026-04-22 10:25:24 [INFO] apm.main: Report saved: logs\report_instagram_feed_clips_20260422_102524.json
