2026-05-04 19:32:08 [INFO] apm.main: APM Modular starting...
2026-05-04 19:32:08 [INFO] apm.main: Device: adb_c2407b8a, Journey: instagram_feed_clips.json
2026-05-04 19:32:08 [INFO] apm.device_manager: Connecting to device: c2407b8a
2026-05-04 19:32:09 [INFO] apm.device_manager: Connected successfully. Screen: {'width': 1080, 'height': 2400}
2026-05-04 19:32:09 [INFO] apm.executor: Journey: Instagram Feed to Clips Automation
2026-05-04 19:32:10 [INFO] apm.device_manager: Collecting NVT measurements (get_network_param)...
2026-05-04 19:32:15 [INFO] apm.device_manager: Collecting Journey measurements (get_network_param)...
2026-05-04 19:32:18 [INFO] apm.executor: Detail: Launch Instagram
2026-05-04 19:32:18 [INFO] apm.executor: Task: Open Instagram [app_open]
2026-05-04 19:32:18 [INFO] apm.SystemTaskHandler: Opening app: com.instagram.android
2026-05-04 19:32:18 [INFO] apm.device_manager: Collecting Journey measurements (get_network_param)...
2026-05-04 19:32:21 [INFO] apm.executor: Detail: Navigate Feed â†’ Clips Tab
2026-05-04 19:32:21 [INFO] apm.executor: Task: Tap Feed Tab [within_ui]
2026-05-04 19:32:22 [INFO] apm.executor: Response time: 3.434s
2026-05-04 19:32:22 [INFO] apm.executor: Task: Tap Clips/Reels Tab [within_ui]
2026-05-04 19:32:22 [INFO] apm.executor: Response time: 0.579s
2026-05-04 19:32:22 [INFO] apm.device_manager: Collecting Journey measurements (get_network_param)...
2026-05-04 19:32:25 [INFO] apm.executor: Detail: Interact with Clips Screen
2026-05-04 19:32:25 [INFO] apm.executor: Task: Tap Center Screen (First) [tap_coords]
2026-05-04 19:32:25 [INFO] apm.TapCoordsActionHandler: 👆 Tapping coordinates: (540, 679)
2026-05-04 19:32:25 [INFO] apm.executor: Response time: 3.276s
2026-05-04 19:32:25 [INFO] apm.executor: Task: Tap Center Screen (Second) [tap_coords]
2026-05-04 19:32:25 [INFO] apm.TapCoordsActionHandler: 👆 Tapping coordinates: (540, 679)
2026-05-04 19:32:26 [INFO] apm.executor: Response time: 0.203s
2026-05-04 19:32:26 [INFO] apm.device_manager: Collecting Journey measurements (get_network_param)...
2026-05-04 19:32:29 [INFO] apm.executor: Detail: Navigate to Search
2026-05-04 19:32:29 [INFO] apm.executor: Task: Tap Search Icon [within_ui]
2026-05-04 19:32:30 [INFO] apm.executor: Response time: 4.088s
2026-05-04 19:32:30 [INFO] apm.executor: Task: Tap Search Field [tap_coords]
2026-05-04 19:32:30 [INFO] apm.TapCoordsActionHandler: 👆 Tapping coordinates: (355, 198)
2026-05-04 19:32:30 [INFO] apm.executor: Response time: 0.296s
2026-05-04 19:32:30 [INFO] apm.executor: Task: Type into focused field [ui]
2026-05-04 19:32:30 [INFO] apm.UITaskHandler: Finding element: 
2026-05-04 19:32:31 [INFO] apm.executor: Response time: 0.68s
2026-05-04 19:32:31 [INFO] apm.device_manager: Collecting Journey measurements (get_network_param)...
2026-05-04 19:32:34 [INFO] apm.executor: Detail: Return to Clips View
2026-05-04 19:32:34 [INFO] apm.executor: Task: Back Until Clips Tab Visible [back_until_ui]
2026-05-04 19:32:36 [INFO] apm.FlowTaskHandler: Target UI not found, pressing BACK
2026-05-04 19:32:37 [INFO] apm.FlowTaskHandler: Target UI 'Clips Tab Indicator' found after 1 back presses
2026-05-04 19:32:37 [INFO] apm.executor: Response time: 6.564s
2026-05-04 19:32:37 [INFO] apm.executor: Task: Ensure Clips Tab Selected [do_if_ui]
2026-05-04 19:32:38 [INFO] apm.FlowTaskHandler: Element 'Icon clips' found, performing action
2026-05-04 19:32:38 [INFO] apm.executor: Response time: 0.765s
2026-05-04 19:32:38 [INFO] apm.executor: Task: Dismiss 'Not Now' Popups [do_while_ui]
2026-05-04 19:32:40 [INFO] apm.FlowTaskHandler: UI 'Not Now Button' disappeared, loop finished
2026-05-04 19:32:40 [INFO] apm.executor: Response time: 2.23s
2026-05-04 19:32:40 [INFO] apm.device_manager: Collecting Journey measurements (get_network_param)...
2026-05-04 19:32:43 [INFO] apm.executor: Detail: Scroll Feed (1-3)
2026-05-04 19:32:43 [INFO] apm.executor: Task: Scroll #1 [scroll_with_timing]
2026-05-04 19:32:43 [INFO] apm.ScrollActionHandler: Scroll #1: up (scale=0.6)
2026-05-04 19:32:45 [INFO] apm.executor: Task: Scroll #2 [scroll_with_timing]
2026-05-04 19:32:45 [INFO] apm.ScrollActionHandler: Scroll #2: up (scale=0.6)
2026-05-04 19:32:46 [INFO] apm.executor: Task: Scroll #3 [scroll_with_timing]
2026-05-04 19:32:46 [INFO] apm.ScrollActionHandler: Scroll #3: up (scale=0.6)
2026-05-04 19:32:48 [INFO] apm.device_manager: Collecting Journey measurements (get_network_param)...
2026-05-04 19:32:52 [INFO] apm.executor: Detail: Scroll Feed (4-5)
2026-05-04 19:32:52 [INFO] apm.executor: Task: Scroll #4 [scroll_with_timing]
2026-05-04 19:32:52 [INFO] apm.ScrollActionHandler: Scroll #4: up (scale=0.6)
2026-05-04 19:32:53 [INFO] apm.executor: Task: Scroll #5 [scroll_with_timing]
2026-05-04 19:32:53 [INFO] apm.ScrollActionHandler: Scroll #5: up (scale=0.6)
2026-05-04 19:32:55 [INFO] apm.device_manager: Collecting Journey measurements (get_network_param)...
2026-05-04 19:32:57 [INFO] apm.executor: Detail: Close App
2026-05-04 19:32:57 [INFO] apm.executor: Task: Stop Instagram [app_close]
2026-05-04 19:32:57 [INFO] apm.SystemTaskHandler: Closing app: com.instagram.android
2026-05-04 19:32:57 [INFO] apm.executor: Response time: 2.966s
2026-05-04 19:32:57 [INFO] apm.device_manager: Device disconnected
2026-05-04 19:32:57 [INFO] apm.main: Report saved: logs\report_instagram_feed_clips_20260504_193257.json
