2026-04-23 11:20:19 [INFO] apm.main: APM Modular starting...
2026-04-23 11:20:19 [INFO] apm.main: Device: device_01, Journey: instagram_feed_clips.json
2026-04-23 11:20:19 [INFO] apm.device_manager: Connecting to device: c2407b8a
2026-04-23 11:20:28 [INFO] apm.device_manager: Connected successfully. Screen: {'width': 1080, 'height': 2400}
2026-04-23 11:20:28 [INFO] apm.executor: Journey: Instagram Feed to Clips Automation
2026-04-23 11:20:29 [INFO] apm.device_manager: Collecting NVT measurements (get_network_param)...
2026-04-23 11:20:34 [INFO] apm.device_manager: Collecting Journey measurements (get_network_param)...
2026-04-23 11:20:37 [INFO] apm.executor: Detail: Launch Instagram
2026-04-23 11:20:37 [INFO] apm.executor: Task: Open Instagram [app_open]
2026-04-23 11:20:37 [INFO] apm.SystemTaskHandler: Opening app: com.instagram.android
2026-04-23 11:20:38 [INFO] apm.device_manager: Collecting Journey measurements (get_network_param)...
2026-04-23 11:20:41 [INFO] apm.executor: Detail: Navigate Feed â†’ Clips Tab
2026-04-23 11:20:41 [INFO] apm.executor: Task: Tap Feed Tab [within_ui]
2026-04-23 11:20:42 [INFO] apm.executor: Response time: 4.612s
2026-04-23 11:20:42 [INFO] apm.executor: Task: Tap Clips/Reels Tab [within_ui]
2026-04-23 11:20:43 [INFO] apm.executor: Response time: 0.894s
2026-04-23 11:20:43 [INFO] apm.device_manager: Collecting Journey measurements (get_network_param)...
2026-04-23 11:20:47 [INFO] apm.executor: Detail: Interact with Clips Screen
2026-04-23 11:20:47 [INFO] apm.executor: Task: Tap Center Screen (First) [tap_coords]
2026-04-23 11:20:47 [INFO] apm.TapCoordsActionHandler: 👆 Tapping coordinates: (540, 679)
2026-04-23 11:20:47 [INFO] apm.executor: Response time: 4.367s
2026-04-23 11:20:47 [INFO] apm.executor: Task: Tap Center Screen (Second) [tap_coords]
2026-04-23 11:20:47 [INFO] apm.TapCoordsActionHandler: 👆 Tapping coordinates: (540, 679)
2026-04-23 11:20:48 [INFO] apm.executor: Response time: 0.235s
2026-04-23 11:20:48 [INFO] apm.device_manager: Collecting Journey measurements (get_network_param)...
2026-04-23 11:20:51 [INFO] apm.executor: Detail: Navigate to Search
2026-04-23 11:20:51 [INFO] apm.executor: Task: Tap Search Icon [within_ui]
2026-04-23 11:20:52 [INFO] apm.executor: Response time: 4.333s
2026-04-23 11:20:52 [INFO] apm.executor: Task: Tap Search Field [tap_coords]
2026-04-23 11:20:52 [INFO] apm.TapCoordsActionHandler: 👆 Tapping coordinates: (355, 198)
2026-04-23 11:20:52 [INFO] apm.executor: Response time: 0.189s
2026-04-23 11:20:52 [INFO] apm.executor: Task: Type into focused field [ui]
2026-04-23 11:20:52 [INFO] apm.UITaskHandler: Finding element: 
2026-04-23 11:20:53 [INFO] apm.executor: Response time: 1.133s
2026-04-23 11:20:53 [INFO] apm.device_manager: Collecting Journey measurements (get_network_param)...
2026-04-23 11:20:56 [INFO] apm.executor: Detail: Return to Clips View
2026-04-23 11:20:56 [INFO] apm.executor: Task: Back Until Clips Tab Visible [back_until_ui]
2026-04-23 11:20:58 [INFO] apm.FlowTaskHandler: Target UI not found, pressing BACK
2026-04-23 11:21:02 [INFO] apm.FlowTaskHandler: Target UI not found, pressing BACK
2026-04-23 11:21:03 [INFO] apm.FlowTaskHandler: Target UI 'Clips Tab Indicator' found after 2 back presses
2026-04-23 11:21:03 [INFO] apm.executor: Response time: 9.786s
2026-04-23 11:21:03 [INFO] apm.executor: Task: Ensure Clips Tab Selected [do_if_ui]
2026-04-23 11:21:03 [INFO] apm.FlowTaskHandler: Element 'Icon clips' found, performing action
2026-04-23 11:21:04 [INFO] apm.executor: Response time: 0.596s
2026-04-23 11:21:04 [INFO] apm.executor: Task: Dismiss 'Not Now' Popups [do_while_ui]
2026-04-23 11:21:06 [INFO] apm.FlowTaskHandler: UI 'Not Now Button' disappeared, loop finished
2026-04-23 11:21:06 [INFO] apm.executor: Response time: 2.315s
2026-04-23 11:21:06 [INFO] apm.device_manager: Collecting Journey measurements (get_network_param)...
2026-04-23 11:21:09 [INFO] apm.executor: Detail: Scroll Feed (1-3)
2026-04-23 11:21:09 [INFO] apm.executor: Task: Scroll #1 [scroll_with_timing]
2026-04-23 11:21:09 [INFO] apm.ScrollActionHandler: Scroll #1: up (scale=0.6)
2026-04-23 11:21:10 [INFO] apm.executor: Task: Scroll #2 [scroll_with_timing]
2026-04-23 11:21:10 [INFO] apm.ScrollActionHandler: Scroll #2: up (scale=0.6)
2026-04-23 11:21:11 [INFO] apm.executor: Task: Scroll #3 [scroll_with_timing]
2026-04-23 11:21:11 [INFO] apm.ScrollActionHandler: Scroll #3: up (scale=0.6)
2026-04-23 11:21:13 [INFO] apm.device_manager: Collecting Journey measurements (get_network_param)...
2026-04-23 11:21:16 [INFO] apm.executor: Detail: Scroll Feed (4-5)
2026-04-23 11:21:16 [INFO] apm.executor: Task: Scroll #4 [scroll_with_timing]
2026-04-23 11:21:16 [INFO] apm.ScrollActionHandler: Scroll #4: up (scale=0.6)
2026-04-23 11:21:17 [INFO] apm.executor: Task: Scroll #5 [scroll_with_timing]
2026-04-23 11:21:17 [INFO] apm.ScrollActionHandler: Scroll #5: up (scale=0.6)
2026-04-23 11:21:18 [INFO] apm.device_manager: Collecting Journey measurements (get_network_param)...
2026-04-23 11:21:21 [INFO] apm.executor: Detail: Close App
2026-04-23 11:21:21 [INFO] apm.executor: Task: Stop Instagram [app_close]
2026-04-23 11:21:21 [INFO] apm.SystemTaskHandler: Closing app: com.instagram.android
2026-04-23 11:21:21 [INFO] apm.executor: Response time: 3.087s
2026-04-23 11:21:21 [INFO] apm.device_manager: Device disconnected
2026-04-23 11:21:21 [INFO] apm.main: Report saved: logs\report_instagram_feed_clips_20260423_112121.json
