2026-04-26 07:34:04 [INFO] apm.main: APM Modular starting...
2026-04-26 07:34:04 [INFO] apm.main: Device: device_01, Journey: instagram_feed_clips.json
2026-04-26 07:34:04 [INFO] apm.device_manager: Connecting to device: c2407b8a
2026-04-26 07:34:06 [INFO] apm.device_manager: Connected successfully. Screen: {'width': 1080, 'height': 2400}
2026-04-26 07:34:06 [INFO] apm.executor: Journey: Instagram Feed to Clips Automation
2026-04-26 07:34:06 [INFO] apm.device_manager: Collecting NVT measurements (get_network_param)...
2026-04-26 07:34:11 [INFO] apm.device_manager: Collecting Journey measurements (get_network_param)...
2026-04-26 07:34:15 [INFO] apm.executor: Detail: Launch Instagram
2026-04-26 07:34:15 [INFO] apm.executor: Task: Open Instagram [app_open]
2026-04-26 07:34:15 [INFO] apm.SystemTaskHandler: Opening app: com.instagram.android
2026-04-26 07:34:15 [INFO] apm.device_manager: Collecting Journey measurements (get_network_param)...
2026-04-26 07:34:18 [INFO] apm.executor: Detail: Navigate Feed â†’ Clips Tab
2026-04-26 07:34:18 [INFO] apm.executor: Task: Tap Feed Tab [within_ui]
2026-04-26 07:34:19 [INFO] apm.executor: Response time: 3.683s
2026-04-26 07:34:19 [INFO] apm.executor: Task: Tap Clips/Reels Tab [within_ui]
2026-04-26 07:34:19 [INFO] apm.executor: Response time: 0.532s
2026-04-26 07:34:19 [INFO] apm.device_manager: Collecting Journey measurements (get_network_param)...
2026-04-26 07:34:22 [INFO] apm.executor: Detail: Interact with Clips Screen
2026-04-26 07:34:22 [INFO] apm.executor: Task: Tap Center Screen (First) [tap_coords]
2026-04-26 07:34:22 [INFO] apm.TapCoordsActionHandler: 👆 Tapping coordinates: (540, 679)
2026-04-26 07:34:22 [INFO] apm.executor: Response time: 3.361s
2026-04-26 07:34:22 [INFO] apm.executor: Task: Tap Center Screen (Second) [tap_coords]
2026-04-26 07:34:22 [INFO] apm.TapCoordsActionHandler: 👆 Tapping coordinates: (540, 679)
2026-04-26 07:34:23 [INFO] apm.executor: Response time: 0.233s
2026-04-26 07:34:23 [INFO] apm.device_manager: Collecting Journey measurements (get_network_param)...
2026-04-26 07:34:26 [INFO] apm.executor: Detail: Navigate to Search
2026-04-26 07:34:26 [INFO] apm.executor: Task: Tap Search Icon [within_ui]
2026-04-26 07:34:26 [INFO] apm.executor: Response time: 3.742s
2026-04-26 07:34:26 [INFO] apm.executor: Task: Tap Search Field [tap_coords]
2026-04-26 07:34:26 [INFO] apm.TapCoordsActionHandler: 👆 Tapping coordinates: (355, 198)
2026-04-26 07:34:27 [INFO] apm.executor: Response time: 0.279s
2026-04-26 07:34:27 [INFO] apm.executor: Task: Type into focused field [ui]
2026-04-26 07:34:27 [INFO] apm.UITaskHandler: Finding element: 
2026-04-26 07:34:28 [INFO] apm.executor: Response time: 1.084s
2026-04-26 07:34:28 [INFO] apm.device_manager: Collecting Journey measurements (get_network_param)...
2026-04-26 07:34:31 [INFO] apm.executor: Detail: Return to Clips View
2026-04-26 07:34:31 [INFO] apm.executor: Task: Back Until Clips Tab Visible [back_until_ui]
2026-04-26 07:34:33 [INFO] apm.FlowTaskHandler: Target UI not found, pressing BACK
2026-04-26 07:34:36 [INFO] apm.FlowTaskHandler: Target UI not found, pressing BACK
2026-04-26 07:34:38 [INFO] apm.FlowTaskHandler: Target UI 'Clips Tab Indicator' found after 2 back presses
2026-04-26 07:34:38 [INFO] apm.executor: Response time: 9.912s
2026-04-26 07:34:38 [INFO] apm.executor: Task: Ensure Clips Tab Selected [do_if_ui]
2026-04-26 07:34:38 [INFO] apm.FlowTaskHandler: Element 'Icon clips' found, performing action
2026-04-26 07:34:38 [INFO] apm.executor: Response time: 0.749s
2026-04-26 07:34:38 [INFO] apm.executor: Task: Dismiss 'Not Now' Popups [do_while_ui]
2026-04-26 07:34:40 [INFO] apm.FlowTaskHandler: UI 'Not Now Button' disappeared, loop finished
2026-04-26 07:34:40 [INFO] apm.executor: Response time: 2.062s
2026-04-26 07:34:40 [INFO] apm.device_manager: Collecting Journey measurements (get_network_param)...
2026-04-26 07:34:43 [INFO] apm.executor: Detail: Scroll Feed (1-3)
2026-04-26 07:34:43 [INFO] apm.executor: Task: Scroll #1 [scroll_with_timing]
2026-04-26 07:34:43 [INFO] apm.ScrollActionHandler: Scroll #1: up (scale=0.6)
2026-04-26 07:34:45 [INFO] apm.executor: Task: Scroll #2 [scroll_with_timing]
2026-04-26 07:34:45 [INFO] apm.ScrollActionHandler: Scroll #2: up (scale=0.6)
2026-04-26 07:34:46 [INFO] apm.executor: Task: Scroll #3 [scroll_with_timing]
2026-04-26 07:34:46 [INFO] apm.ScrollActionHandler: Scroll #3: up (scale=0.6)
2026-04-26 07:34:47 [INFO] apm.device_manager: Collecting Journey measurements (get_network_param)...
2026-04-26 07:34:51 [INFO] apm.executor: Detail: Scroll Feed (4-5)
2026-04-26 07:34:51 [INFO] apm.executor: Task: Scroll #4 [scroll_with_timing]
2026-04-26 07:34:51 [INFO] apm.ScrollActionHandler: Scroll #4: up (scale=0.6)
2026-04-26 07:34:52 [INFO] apm.executor: Task: Scroll #5 [scroll_with_timing]
2026-04-26 07:34:52 [INFO] apm.ScrollActionHandler: Scroll #5: up (scale=0.6)
2026-04-26 07:34:53 [INFO] apm.device_manager: Collecting Journey measurements (get_network_param)...
2026-04-26 07:34:56 [INFO] apm.executor: Detail: Close App
2026-04-26 07:34:56 [INFO] apm.executor: Task: Stop Instagram [app_close]
2026-04-26 07:34:56 [INFO] apm.SystemTaskHandler: Closing app: com.instagram.android
2026-04-26 07:34:56 [INFO] apm.executor: Response time: 3.203s
2026-04-26 07:34:56 [INFO] apm.device_manager: Device disconnected
2026-04-26 07:34:56 [INFO] apm.main: Report saved: logs\report_instagram_feed_clips_20260426_073456.json
